Start:
  id: s1
  status: Completed
data:
  id: s3
  data: |
    {
      "title": "${title}",
      "year": ${year},
      "id": "269b34c1",
      "poster": "drac.jpg",
      "rating": 5,
      "webRef": {
        "ref": "tt0021814",
        "site": "imdb.com"
      }
    }
  status: Completed
Stop:
  id: s2
  status: Completed
