Start:
  id: s1
  status: Completed
Download Logo:
  id: s3
  status: Completed
Stop:
  id: s2
  status: Completed
