Start:
  id: s1
  status: Completed
Log Something:
  id: s3
  status: Completed
Stop:
  id: s2
  status: Completed
