Before All:
  id: f1
  Start:
    id: s4
    status: Completed
  Delete Movie:
    id: s5
    status: Completed
  Stop:
    id: s6
    status: Completed
  status: Completed
Start:
  id: s1
  status: Completed
Create Movie:
  id: s7
  request:
    url: http://localhost:3000/movies
    method: POST
    headers:
      Accept: application/json
      Content-Type: application/json
    body: |-
      {
        "credits": [
          {
            "name": "Alan Crosland",
            "role": "director"
          },
          {
            "name": "Warren William",
            "role": "actor"
          },
          {
            "name": "Mary Astor",
            "role": "actor"
          },
          {
            "name": "Allen Jenkins",
            "role": "actor"
          },
          {
            "name": "Grant Mitchell",
            "role": "actor"
          },
          {
            "name": "Helen Trenholme",
            "role": "actor"
          }
        ],
        "poster": "cothd.jpg",
        "title": "The Case of the Howling Dog",
        "webRef": {
          "ref": "tt0024958",
          "site": "imdb.com"
        },
        "year": 1934
      }
  response:  # 18 ms
    status:
      code: 201
      message: Created
    headers:
      content-type: application/json; charset=utf-8
      location: http://localhost:3000/movies/435b30ad
    body: |-
      {
        "credits": [
          {
            "name": "Alan Crosland",
            "role": "director"
          },
          {
            "name": "Warren William",
            "role": "actor"
          },
          {
            "name": "Mary Astor",
            "role": "actor"
          },
          {
            "name": "Allen Jenkins",
            "role": "actor"
          },
          {
            "name": "Grant Mitchell",
            "role": "actor"
          },
          {
            "name": "Helen Trenholme",
            "role": "actor"
          }
        ],
        "id": "435b30ad",
        "poster": "cothd.jpg",
        "title": "The Case of the Howling Dog",
        "webRef": {
          "ref": "tt0024958",
          "site": "imdb.com"
        },
        "year": 1934
      }
  status: Completed
Update Rating:
  id: s8
  request:
    url: http://localhost:3000/movies/435b30ad
    method: PATCH
    headers:
      Accept: application/json
      Content-Type: application/json
    body: |-
      {
        "rating": 5
      }
  response:  # 7 ms
    status:
      code: 200
      message: OK
    headers:
      content-type: application/json; charset=utf-8
    body: |-
      {
        "status": {
          "code": 200,
          "message": "OK"
        }
      }
  status: Completed
Confirm Update:
  id: s9
  request:
    url: http://localhost:3000/movies/435b30ad
    method: GET
    headers:
      Accept: application/json
  response:  # 3 ms
    status:
      code: 200
      message: OK
    headers:
      content-type: application/json; charset=utf-8
    body: |-
      {
        "credits": [
          {
            "name": "Alan Crosland",
            "role": "director"
          },
          {
            "name": "Warren William",
            "role": "actor"
          },
          {
            "name": "Mary Astor",
            "role": "actor"
          },
          {
            "name": "Allen Jenkins",
            "role": "actor"
          },
          {
            "name": "Grant Mitchell",
            "role": "actor"
          },
          {
            "name": "Helen Trenholme",
            "role": "actor"
          }
        ],
        "id": "435b30ad",
        "poster": "cothd.jpg",
        "rating": 5,
        "title": "The Case of the Howling Dog",
        "webRef": {
          "ref": "tt0024958",
          "site": "imdb.com"
        },
        "year": 1934
      }
  status: Completed
Delete Movie:
  id: s10
  request:
    url: http://localhost:3000/movies/435b30ad
    method: DELETE
    headers:
      Accept: application/json
  response:  # 8 ms
    status:
      code: 200
      message: OK
    headers:
      content-type: application/json; charset=utf-8
    body: |-
      {
        "status": {
          "code": 200,
          "message": "OK"
        }
      }
  status: Completed
Confirm Delete:
  id: s11
  request:
    url: http://localhost:3000/movies/435b30ad
    method: GET
    headers:
      Accept: application/json
  response:  # 2 ms
    status:
      code: 404
      message: Not Found
    headers:
      content-type: application/json; charset=utf-8
    body: |-
      {
        "status": {
          "code": 404,
          "message": "Movie not found: 435b30ad"
        }
      }
  status: Completed
Stop:
  id: s2
  status: Completed
