# flow results for movie queries (illustrates previous request access)
Start:
  id: s1
  status: Completed
Movies by Year & Rating:
  id: s3
  request:
    url: http://localhost:3000/movies?year=1931&rating=5
    method: GET
    headers:
      Accept: application/json
  response: # 5 ms
    status:
      code: 200
      message: OK
    headers:
      content-type: application/json; charset=utf-8
    body: |-
      {
        "movies": [
          {
            "credits": [
              {
                "name": "Tod Browning",
                "role": "director"
              },
              {
                "name": "Bela Lugosi",
                "role": "actor"
              },
              {
                "name": "Helen Chandler",
                "role": "actor"
              },
              {
                "name": "David Manners",
                "role": "actor"
              },
              {
                "name": "Dwight Frye",
                "role": "actor"
              },
              {
                "name": "Edward Van Sloan",
                "role": "actor"
              }
            ],
            "description": "What's even more amazing than Lugosi's out-of-body performance is the fact that the finest horror movie ever made was filmed within 2 years of the advent of talking pictures.",
            "id": "269b34c1",
            "poster": "drac.jpg",
            "rating": 5,
            "title": "Dracula",
            "webRef": {
              "ref": "tt0021814",
              "site": "imdb.com"
            },
            "year": 1931
          },
          {
            "credits": [
              {
                "name": "James Whale",
                "role": "director"
              },
              {
                "name": "Boris Karloff",
                "role": "actor"
              },
              {
                "name": "Colin Clive",
                "role": "actor"
              },
              {
                "name": "Mae Clarke",
                "role": "actor"
              },
              {
                "name": "John Boles",
                "role": "actor"
              },
              {
                "name": "Dwight Frye",
                "role": "actor"
              }
            ],
            "description": "Frankenstein solidified Universal's place as the premier horror studio of the era, and stands as the definitive American take on the school of German Expressionism.",
            "id": "e2bca0d",
            "poster": "frank.jpg",
            "rating": 5,
            "title": "Frankenstein",
            "webRef": {
              "ref": "tt0021884",
              "site": "imdb.com"
            },
            "year": 1931
          }
        ]
      }
  status: Completed
Movie by ID:
  id: s4
  request:
    url: http://localhost:3000/movies/269b34c1
    method: GET
    headers:
      Accept: application/json
  response: # 63 ms
    status:
      code: 200
      message: OK
    headers:
      content-type: application/json; charset=utf-8
    body: |-
      {
        "credits": [
          {
            "name": "Tod Browning",
            "role": "director"
          },
          {
            "name": "Bela Lugosi",
            "role": "actor"
          },
          {
            "name": "Helen Chandler",
            "role": "actor"
          },
          {
            "name": "David Manners",
            "role": "actor"
          },
          {
            "name": "Dwight Frye",
            "role": "actor"
          },
          {
            "name": "Edward Van Sloan",
            "role": "actor"
          }
        ],
        "description": "What's even more amazing than Lugosi's out-of-body performance is the fact that the finest horror movie ever made was filmed within 2 years of the advent of talking pictures.",
        "id": "269b34c1",
        "poster": "drac.jpg",
        "rating": 5,
        "title": "Dracula",
        "webRef": {
          "ref": "tt0021814",
          "site": "imdb.com"
        },
        "year": 1931
      }
  status: Completed
Great Films of 1935:
  id: s5
  request:
    url: http://localhost:3000/movies?year=1935&rating=>4&sort=rating&descending=true
    method: GET
    headers:
      Accept: application/json
  response: # 5 ms
    status:
      code: 200
      message: OK
    headers:
      content-type: application/json; charset=utf-8
    body: |-
      {
        "movies": [
          {
            "credits": [
              {
                "name": "James Whale",
                "role": "director"
              },
              {
                "name": "Boris Karloff",
                "role": "actor"
              },
              {
                "name": "Colin Clive",
                "role": "actor"
              },
              {
                "name": "Valerie Hobson",
                "role": "actor"
              },
              {
                "name": "Ernest Thesiger",
                "role": "actor"
              },
              {
                "name": "Dwight Frye",
                "role": "actor"
              }
            ],
            "description": "James Whale's poignant, horrifying, hilarious masterpiece demonstrates his genius and surpasses the original as a cathartic, visionary tour de force.",
            "id": "f236166",
            "poster": "tbof.jpg",
            "rating": 5,
            "title": "Bride of Frankenstein",
            "webRef": {
              "ref": "tt0026138",
              "site": "imdb.com"
            },
            "year": 1935
          },
          {
            "credits": [
              {
                "name": "Alfred Hitchcock",
                "role": "director"
              },
              {
                "name": "Robert Donat",
                "role": "actor"
              },
              {
                "name": "Madeleine Carroll",
                "role": "actor"
              },
              {
                "name": "Lucie Mannheim",
                "role": "actor"
              },
              {
                "name": "Godfrey Tearle",
                "role": "actor"
              },
              {
                "name": "Peggy Ashcroft",
                "role": "actor"
              }
            ],
            "description": "The best of Hitchcock's early features, with a truly thrilling series of chase sequences and a richly developed romantic interest; only slightly sullied by the ludicrous shenanigans during the last five minutes.",
            "id": "494ecd62",
            "poster": "ttns.jpg",
            "rating": 4.5,
            "title": "The Thirty-Nine Steps",
            "webRef": {
              "ref": "tt0026029",
              "site": "imdb.com"
            },
            "year": 1935
          }
        ]
      }
  status: Completed
Stop:
  id: s2
  status: Completed
