# ad hoc testing with expected
get-logo:
  request:
    url: https://raw.githubusercontent.com/ply-ct/ply/main/docs/img/ply.png
    method: GET
    headers: {}
  response:
    status:
      code: 200
      message: OK
    headers:
      accept-ranges: bytes
      access-control-allow-origin: '*'
      content-security-policy: default-src 'none'; style-src 'unsafe-inline'; sandbox
      content-type: image/png
      cross-origin-resource-policy: cross-origin
      expires: Sat, 22 Jul 2023 23:08:05 GMT
      source-age: '0'
      strict-transport-security: max-age=31536000
      vary: Authorization,Accept-Encoding,Origin
      via: 1.1 varnish
      x-cache: MISS
      x-cache-hits: '0'
      x-content-type-options: nosniff
      x-fastly-request-id: 8e4878e5be77ffb36883d12244d7f488d2ea17dc
      x-frame-options: deny
      x-github-request-id: D05E:2388:1D90F:24D4A:64BC6029
      x-served-by: cache-den8229-DEN
      x-timer: S1690066986.608311,VS0,VE160
      x-xss-protection: 1; mode=block
    body: iVBORw0KGgoAAAANSUhEUgAAAQAAAABkCAYAAABpYO6eAAABhWlDQ1BJQ0MgcHJvZmlsZQAAKJF9kT1Iw0AYht+mSqVUHewgxSFDdbLgH+KoVShChVArtOpgcukfNGlIWlwcBdeCgz+LVQcXZ10dXAVB8AfEydFJ0UVK/C4ptIjx4O4e3vvel7vvAKFRZprVNQZoetVMJeJiJrsqBl4RRAR9tI7LzDLmJCkJz/F1Dx/f72I8y7vuz9Gr5iwG+ETiWWaYVeIN4unNqsF5nzjMirJKfE48atIFiR+5rrj8xrngsMAzw2Y6NU8cJhYLHax0MCuaGvEUcVTVdMoXMi6rnLc4a+Uaa92TvzCU01eWuU5zCAksYgkSRCiooYQyqojRrpNiIUXncQ9/xPFL5FLIVQIjxwIq0CA7fvA/+N1bKz854SaF4kD3i21/DAOBXaBZt+3vY9tungD+Z+BKb/srDWDmk/R6W4seAf3bwMV1W1P2gMsdYPDJkE3Zkfw0hXweeD+jb8oCA7dAcM3tW+scpw9AmnqVvAEODoGRAmWve7y7p7Nv/9a0+vcDepByqupJz1YAAAAGYktHRAD/AP8A/6C9p5MAAAAJcEhZcwAALiMAAC4jAXilP3YAAAAHdElNRQfkChoOFQ+ZgYrhAAAAGXRFWHRDb21tZW50AENyZWF0ZWQgd2l0aCBHSU1QV4EOFwAAHcRJREFUeF7tnXmcXGWV97/nVnV1SEx6qepukiAT3JDIIpvLiDDK4jjuIlF5cWFJdwKYpBsQR8fXcpBRCXR1GpJ0dQIo+CpvPjqMijoKjLuIoA4iYUB2SCDp6u4sZOuu+5z5oyp7dT3Pra07yf1+PvWB9P3dSlfl3nPPc855zoGQkJCQkJCQkJCQkJCQkJCQkJCQkJCQkJAQgGQyapOEhBwohBezA829vdMipv7TqlwGbM3AibZzQkIOBEIDUIR49/KZIt6V+FysMDX/478VPSlkwtG2eHmr8ZipEd2a2bD+SZLJrO2cQ4XQABSgaUn6SM/nChHmAoftc/jFQueETDziqb4PC/IlH44HQCHRMP1l6em7bVTrv7Ch88INlrc46PFsgkOJpiXpI+Op9M0RwxMiLGD/mx/Ql/b/WchEI5Hqv1KQ77Hz5t/NK1Tl0igjv5vWvbK50LmHEqEHALQtvm2KH912FYbPUvCm3xNZW/x4yHjTtCR9JEavtciOiYn/RaDTojuoObQNQDLpxRsPv8Bn29dRDrfJATRcAkx4PMN7gJhNB5zLIW4ADtklQEt33z8mpk1/WFS+6XrzAyDhEmCi46GvtGnyHHGop3UPuQ/fct3Sw7Uuep3CJ2zaQojqczZNyPiiIjHUpgJAZkyfHlsLh2xW4NAxAKoS7+mfp/BVoMEmHwvf856yaeKpvg97yJfRyIcGui55wqYPqTCqCmJTAeBvOsxNeJBySCwBmpakj0yk+u8WWEYZNz+wY3j4xRdsIg9OUThWxf9Na8+KfaPQISEThoPeAMS705+KGP6CcKZN68AzJJPGJjIiO2MKbUbNL5pvWPGWoieEVBYVtwUAYCZvDj2Ag5Hm3t5piZ70d0T4BuU99Xej8qRNAiBG2vb4Y5PnmZ8mUumTxjwhpLKIYwQA0JcnhQbgYCORSp/k+fUPonzMpg2EmNU2CQCi+2YVpgF3Nd+w1DU6HVIGQgAP4LAtoQE4mEj09M8Ffge81qYNiihuBoCCacXpXiT6/bbFt00pcCykkog6GwDdWn9IG4CDJwuwalWkZc2Ga1X1apu0VAz6iE2Tzyu3FjymnGjqtt6O6rmI+1MqJCABsgBaH3MTHqQcFB7AtO6VzYk1w/+pVO/mB1RGY4/aRG0NrUdSxLCqyofyXkpIlTABjKvWbwsNwIFM4sabZ9SJ/wvgLJu2TJ7PXH3xZpso63lH2TRAd0v3ytfYRCElou5BwEOdA9oAxFMrjiGb/b3AcTZt2aj+xSYBEPVeZdMAU1TMN1i1KmIThpRAgDSgbg+XAAck8Z70mz3Mr4HaRNY97wGbBECUV9s0OfRtiTXDF9tUIdVFY9sPaQNwQAYBW25YfqIqP1FosmkrhRjzB5sGQNW8AXG+pq5p7u29Y2jBgk02Yc1JJqMNra1TN65PbCE5Z8QmL0Rrz4o232T/DolME2ESvm7BY2OW2FPVbMYhAbIAU7fXiXVdt2pVJPHC0IkizFIjg6Zuxx9r/m+WTHrxhplHi2prVPxnX+qc/4ztFBcOOAPQ2rPieFVzNzW8+QEi0dgfbRoARGbbJHvQ6mVjVwBfsglrRTzVf5aIfh7lNHZQl2gYNqTSf1LRJYOL5n2r2Lkz0unJO7bph1HvA4KebtS0iniAgrLL34wyoolU+kmB3/rKt4eOaLqXOXP8Yu8dCFV1NcImVldUGO9Of0rWDF+DyCsVwAPPr9/UkkpfN7Co/d9qkc2JL+k7U4wsA/M6BLJ4JFLpP4lo58Cieb+ynV8Mt29pgpDoWXY0GvklsGelXdVReGaws8Ma3JuRTk8e2cpmgi2ttgCvzXR2jHufgUQqfQnQz9jXRTrT2TFv3x8e0d192A5v8hWqshBIFDjPxguI/GtmRuMtlTAEiVQ6iaNRjWRN27qr5q8vdCzek75WlM8XOpZDr890zrtq7OPl07IkfZoa7qVwfwMflQsyXe13FDjmRJALdVyJdy+fiUbupcY3fw550KYAGNnuHUPw73SKCpfbRNUmkUpPB3op/lDoiKfSH9zzB4nu/jO2y5SHVeUaSrv5AY5AtT+xZvihCpVMOz+VtS5a8PO2ppa/TZR/LnRsN9IV7+k/tbimDJJJTw1LGbu5SQTR/sN7b2kZ47iVoBfruNC2+LYpIt4PgJk2bTUQ1d/bNADi+yXt/POUjhnp9GSbrpoofBBrOzQQuGjn/7ek+i9C9G5wDXxaeQPwu3gqfZlNWJQAbrmOjBQ0AEYiF2D3kD1R/ReLpmQSjTPey/49Dfdl6qgZebdFMyYT3wAkk54f3fYtoBJPhhLRX9oUAOp5b7JpCqEQH9lWWoOSSiEwy6bJcwxAItX3cUVXAnUWfVDqBW7Ku/Gloe5BwLFQo65P1ffGr0+/3iYqCdUumwRAjMRtmrGY8AagpXH6teSeTuPFxswRzX+2iQBQPcUmGQvRcV8GuPTQAzistWfF8Yjcgv0JWQ5faulOF1l/j02QLMBYSwAQa9VnHk8iXGETBSWxZMXJwBk2HQBi3K7PAkxoA9DcnT5Hlc/adFVF9dcuganX9PbWU0ZBksKxrTf0nWDTTQA835jlKJNswnJR4Zrm7vQ5Nl1ZRAsbAFFuB6y9HwAQLmi5bql7X0kX1Dg9/YHHMxvXlZwJmLAGoG3x8lYvt5d/fH9H8Zzc/+Fs3QlAvU1XDPW8j9s01UPcLnaYLsLf20TkAnHDuN5EhfE84ba2xcsLb64aiyCVgKOFYwCZK9ofB/1uoWP7oUwyddGKeXDNvSuOQDnPpgMQ0etcmtSMxfjeXGOhKn5Ebgam26TVRgUnA0CJ6/89UfTjqFbTrR6bAG7zGGwDblf0XBnNTs/MbKrLdHY0Z2Y2xYAZgp4H8h1gh+V99qXNj3pJm2gvAuwF0DE8AACj3r/iaMAELm1ZuvQVNp0LnjGLcIutrBnY0Hy7TVSMCVkIlFjS347Ie226GrBpcMNat/WVyhkBsk9jcWQilT45A05px4oSYAttAX4QxSwsWJ02Z46fyc1S+C7w3UTPsqMhshzlHftpx2ZuPLXixsHOuU7rciOizk2BxvAAAIa62h9JpNJ3Ae8fS7MHTYxGLyKXSi2ZxNdvnopmL7Hpcmh3qVWaO5lwHsDUm26Ko3zFpqsFivzMaZCkqgh6uk3mgop3tk0zwejJdHZ8wLU0NbPo0scyG148C6VoVeE+RBHjXnATIAtQzAPI82UcLbtROsueMxAbnYtbC7shRupW2EQ2JpwBiI1Gr6f0gpLKIuaHNglAW6r/WMZqAhIQER0fAxBg3bwTgW9mOjuCT9ZJJk1m04sXAj+xSXciykcbU7c22nQAeAEMwGikqAHIdHb8SdGfFdPsRGBWYtqMj9h0Y7JqVQTEtQbiRpft6TYmlAFoWZI+TZBP2XQ1wq/Pyo9tIoCs55iucUF527i0DXP2mXexbqTeD37z7ySZzKqaucBGmzTP5Agj/8cmAkoyZsXQnBfghujnbJKxaFk79BHAZTv51mikbqlN5MKEMgBquJ4yFqIV5r61V3ZkbCIADP9gkwQgZiI7al70FKSRJuRuio2XXjps0xVjsGv+GtT95hJ4j00DIAGM2aTIqPV6G+qcdx84BoPhhMQN6SDxjV2oiqtB7X9pwUUDNpELE8YA5PO9b7bpaobwA5sEgGQyKhIooGVFxa9efXklELb7xL5jk7ngj3ALuQyCC2fk6y2KE8ADcIgBAKCIe1zKwz1ekadlSfo03K7/0awf6bGJXJkwBsCT6tVUl4bvZAASDW2nAZWdMy8yDgbAOKW7ANTwo0rt5x/+XMdGhO/bdHkmb/LrSq62LEjW7gEADHa23wPyW5suz7uDFnWpcasmVOFbG6685FmbzpUJYQASqeX/APJ2m66G/C2z6NLHbKIckffZFIFRTrRJxhMB1xvBDeXnNslODN4xNk2gLECkeBBwL4Sv2SQ7Uc/ZnaftxhVHAS7XkaqRG2yiIEwIA4BGLrBJaopqAPdWXf7hgnJU2emkgATqpCveQzZNIDzPrdkKAHq0TRGkqEmz7gYgs6j9LsDpd1U433UQjMmaKwBrf0iBO4e62u2t6QMwIQxAzOjnEHmfIBeL6BcVuVHg3xH+DFTE1QyAClGn6qrm7v43UIUBJECstXn639lEFSVA9ZxEvf+xaYKQGW54GOeKO7FHyQPEAIhknQ0AgCfyVZsmT53n2cuDG5Yta1Jwynz56PU2TVBq+pQZi3y0/a6xjjcsW9ZUN1r3KjH+USpyFMirUJ0NHEul19/I71xHekt1nv4AaFZfCzjNIqwIKuqaCJg0urGs6P9+JOeMkEpvAqx5fs2NWStOgCxAUNYvnPvvLT39f9XctWdjXtPX0v82/LmOMVOdse2R+SrYS4iVe4e65t1nkwVlQhgAG/l00x8p4H41LFvWFBuNvEENs1V5gwizgTdSajGRqNPTH0BEPkSVrjUVOcKmGSeyL3R1uUbt3VGGEbsBAKbaBKKirk6AZr1AHgAiqqn+r4G6VDJOi8S4BCi8bk+n63Qr8wse2wcVcY4/BOGAMADFyBuH3+Rfuzg8tXxWViLH5vfon4JwMlpwZt9uhO2jMX9VUU2exA39rwMtewNQEWq6EUowxrEEY7tNUBKCa5dda9ciPHVf0ARcAgBkZjbekVgz/H+B19m0CJ0kV91YqGY/voXzEVwM/X8PLpp7L53tNl1gDngDMBb52vRn2GNp0dy74gjxzSme8GZVfRsip7Lnvnblh67FLRrRTzk+ZEpC9p8wPFGYwqpVEZceCQGxu8GA5JqoFifAxqYgQcBdzJnjS0/fdaqy0iYFZsYbNnx0EPbzLEVYVOiEffFEvhKkzVkQDloDUIihBXNfAF4A/gOA5KpYc8PQyR68VYTTfHDbXJFMeqLVbeGl6rQhpHK4X2Ay7YVNDZtgyCYMiOPnlZdtikBEAi4B8gwcJrfFt/IvArNsWtCrUP3Wnt9xc0/f2ShvLHZWnsfWb1h7p01UKoeUAdiP5JyRIbiP3KvbJt9JvOnwd2CqO5FIELurW1lcDQB1om1U0gDkUp5OBsA47B0wIq4hADTil2QA6OgYpbt/MaLWmnyB45pT/WcPwa5NRR7i1PFHkLIaftiYEGnAAw3PeJ+0acpFVarecmsv3D0ARE1FC5VaG2fOxq0BBp5LZsQ9AgBBg4B70BTdfjOwxqYD8GR3eXD8+vTrUd5VTJ9nzcDGRpdgY8mU7AG0Lb5tiolu/yjKywrrTNQMxIgNVGqTwkRGlQTCCO6NNIPjaW09gADVc4icDHzbJnNFjX+y6yQf4HGbIEhKs2QPAHhiwYIdiVRfNzhV552VSKVPynR2/IkIV+ESpFBuKLfhh42SDYAf3f5B0Jt3fgzPF7KMkkils8AAMCDwkirr8RhQw3pP5CVFB4zKM3X+pGfWXfVJe0BnApLpan9P2+Lbpvh129+BMe/Hk/dZMwwBkRo03dwTEVXnbmSq/whutesuqCfnuD6zfSOrbZoglYDlEpssfSNbuRqXfhDCFW2Ll3f6wvkOn3dI6rNuMakyKNkAIPqKMT5ElFwKa7rC8QigILLbM/NE8aPbSKTSw8BTqL6IyFoVfcpDnlLxnvK3mSeKFVCMN3njdRdwF8mkF2+cfqqn+gFF3k9uwEVZqNTWAARCmB3vSb95cFHH/Tapjak33RQn69z2ffPQK4y1FFcCzAaM+aUvAQDWdnRsjXenUyLYKwSVOX5UFDfjfuPAZZdVNuBZgJINgBiZ5BxpGZsmYJf7t6uTmxoi9ZBIpTPA0wKrDawWkdURza5et3H9M9UMjAQmmTSDcD+51+ebe/tme77MAc6nxFJhQYM2zywPI8bBKd2FwCKg7C7G9dnYZai63BAAv6CjY9QmwhPnKIB65RkAAI3uWCZ+/WexD6yNgrg0Ndka87nJJqoEJRsAI1pf9jdnJwEkFE4VAFV8IiQapm8jlX4U9FFRWW2QR0V5JPPKxierkJ8OzNCCeauBJJBsTvW91VMuROSjuJSx5lGk8tV2lUT5WGtP/zfWL2r/qU06FrmJOmqZv7cbEXXbNux8+wN+6TGAnQwtWLApkUr34jiQ1IF+52Y0ZVKyARCRSdRuqbUvhwEngZykQq70WyCxZngLqfSfER7A8KBE9IGBBR1PBIlwV5p8N5n72hbf1pmNbPuIiF6My9ZnZatNUkkCddLNY1RXtt244vR1n5n7tE27L1Nvuikuo3zH0R0G2Eyd//9tIiCX0XC8NivhAQCMaKQ3Jn4XDqXKFkZ9j5RNVClKNwBGs64xoxoyBTgN5TQE1AiJnv4Nkup/AMyDRr0HNCoP5AuCako+ZvBN4JuJnmVHq4lcKsIlwBhDQbW2AVJVDbIEyHOEnzW/SPQsO8e9f0KuItMbNT/CPvhyNyL/ryprYlO+BwCwqeuSoZZU/zJFr7Zpi6HCt4YXdjxn01WKkg2Aim53yWRMABoVPRvkbBFFfCWRSr9Ibu/APRH8e9Z1XvqU7U0qSf5mWXh47y1f8f3RdhUu3y+LoPaCl4riqVKaRT8SjTwUT6Wv94ldX6xTUOLrN0/VWHa++OaLOJb+5tmRzXrum2ECpDQr5QEA1Pl6/UiEywj22fZE1av8lt9ilG4AkG0V++Zqz3TgPOA8n8jeBiHq3V2KS1sK+ZqJa0muWpxoGP408EXIbw4RWVvk1MpTXkS3XuALUUauTqT6foXyGxVZ7wnrFWkEpqP6JiR7ZknpTaU3SBusQCnNCrL2yo5MIpVeCW41/vsicGc+flQzSjYAiG4u8YkxEdltELKGRCr9pCI/VtW7mqM7fvnEggXVjcgn54xkoP81vb3fHPbrLxK4WpCauYFArpOuuwlQCrt/UZB3IrxTIL8M3+NN3d9/Tx6PTSFpE+2Feur8l1XQAwBQNdeLePMpYU6kqdKW32KUbAAU1lX0m5tYvFrQz4jwmQ1+/dZEd99/IfJDVfOjwa75TqWfpZA3NMvzr9qi4nzTKNwqcJFNVwG24nnnr+2YGywgqsa5DqASWYA9GeyavyaRSt8Cbvv8d6HcO9jZ/oBNVmlKNgBRIuuMWxenA53J5OYUvlfEM4lU/4OqemedmDtcx2EddIj0qZqZgrjUs5eK74l8cv3CudbCn30xHr7zgiYScVU6Y0z2q54XvZgApeLVavhho+TNQDKafcmmOQjxQN8kwlezeE8nutOPxHv6rk6k0jVt3lEVAgTOxBjVyMgccj0bq8GoqJy/flH792zCQng+zjl0H1PxvStDV1z2PPANm24Xwp8HF8291yarBiUbgHVb1mWAqm5UmPAIs0Xla8DzLan+n7V0912Y+PrN5eaBx4eA9fNDCxZsYkf0DOBHNm1A1ojHOwe62p06MxVie332ftyuzaeqlXLzRJzmCQJ4yLXjVatSsgHIl+Lat2YeGkQUPVtFbqE+uz6RSq+Kp/rPsp00oQiQBdiZOstcffHmzMYXP4jwWSi7cMkHVkYjdScOLOzYq71bUDZffvkgyhKbDpUv2CSlYlRdmoZClRt+2Cg5BpDnMcA+qOFQIpfmOk/Q8xLd6dWC9Oto5JZKTHKtKkHKAPcsnkkmsxlY3HzD0js8L7IA5BIcuvvuwUbg2yaiN1UyBZY5oumf4y8M14twOfs/6LYAXZmu9jsKnFopnKY7Vbvhh42yIqAtPemvqlLyNNRDiM0IK32hp1ouZ7m0dPcvVFGnmXOq5s2DXfP/UPBgclUs3rDhdE/0TDV6LCKvQ5iGUk8uzfAiqk+rJ39R9BeTzdbfVKXLcJ6W7pWvUcm+X1SOUiELPBLz+Y9q1trntopvyziUOb+Q2dj06mrv+S9GeR6AymOuqaNDnKkonRFlYaK778eKXjPmDXSgk5wzMgj3kHtZqVxfscLkZzw4t3urBH506/tx6eikdI/nzQ/lxAAARf9i04TshYfIe0W8+1tS6Z+2Lun/e9sJNcMLEASscPHMwYYIC2waatTww0ZZBiAzs+khYGKvbScoCucYo79NpNJ3J7r7KjvxthQCpAFDxibR3X+GqrzFpqNGDT9slGUA8nvvy+4Kc4hzFiJ/iHenv9uypK+k5iGVINBw0DK76By0rFoVQdSefYAttWr4YaM8A5CjsqOiD01EhHPVyCPx7vSS5t5e58YhFSPIToCQgsTXDl0JnGDTCXy3mkHIIJRtAIxoaAAqR50ICzxT/1i8p29ijUzfE6+y9fMHA/ElfWeKyldsOnJblVy6CNeEsg2At6Pu97hVXYW4ohwuKrcnuvt/5DpjvmwCFAKF7E1LT9/pYuR7uGXVfriuq+Nhm6hWuPzCRclcffHmRCp9L/BumzYkIKL/5En0r/GevssGF82r6oCIIKXA0VpmAVatiiTWZl4j6h2H8HpjpEU8EqoaF6TwBGhhkxqGRBhGda14PGfUe9bzzLMDwy89TTKZLXheCcR7+i5QlX5chpZC1qh83iaqJWUbAABE7kQ1NADVYZqo3J5Ipc+JTWbe2o6OcktuCxKklXY1mZW8ddLmph1vEyNnAO9g7fApaGTSztYCIvn/Fqth26mDXKMDzRU6qhESDdNHSKWfFNH/AXkMlceM6KO+xh4r1s1oL1SltXfFW43RL6MEKfleMdTV/ohNVEsqYgAio/73/ai3HIjYtCEl84mRrRzfsqTvvIGF8/5mEwcmQCvtSvXR20nb4tummLpt/6TKuS8z8h4xsrulluvv5E4MOEZV8iXsuSFCUUZ2zql4DnhWlWdE9Fnyw0hVJYroDIEj6ek/w8CRY/4NhVkzWu9Xbe9BqVTEAKy7av76RCr9W+B0mzakLE7AyH2JVPqcTGfHn2ziQLjf/hWj5bqlh2tddJ5h2+WqxG36GtCUf52Q8yB227kAWdJCqCBzXUfP15KKGIA8dxIagKqjMEk0ssmmC0wNW2m3XLf0cFMXvVbhE0Cd29964CLIdQOd7T+x6caDsrMAO/HE+w5gn9oSUhaCLMjXt1eWGlUCJrr7z9C66MP5lmJOE4EPaFTvGti4dkIF/vakYgZg/aK561T5gU0XUjoCSwc622+x6apOiZWAzb19sxG9i9zEp4Mf4ecRf/LHxnO7r41KLgFQ6Bc416YrQpZcs9HnVHUQTzahbBRkkxGz9/rJeJvxzFQAUYkJMkXReoEmhWZ2r+dacJncOsFR4dbMwvbP0Nlhk5aIbnHdHa6R0pp/eEaCzgM4cBH+M3YY565d9MmSvqtaUVEDMNTZfndLT/9fFYp1Q1mH8leEh0V42hh5Hk/XSiT6fKZt6rpqzPablbx10stTR49UT45AzStFOAr0GEWOETiaAM0bxwWVmwdnNnaUG4kqhieRR4w6Pah2sN173CYqiFL6pidhO7lhKVvIdQ/aBEQVGgQasA/mrBUqyHUDMxq/UI1rudK4mfwAtKT6P63orfk/rgV+i3KfivdQXSTycH4YxsQhmYwmGltf7RE91je8UdC3IpxKgEGeVWSHqFw90NXussGkbBKp9B+wd7K5PdPZ8UmLpiCJVPrH2AvGNoL+EeRB0P828Exk1H964LOXWZvQNn0t3aDRSGMsqg2+aqugsxRmCToLvFmgRwEzLG9TDo8b5TNDXR3O/QDHm4obAJKrYi0NGy7wovLzWk3YqTjJpNfU1DY7Yry3KLxV4CyC533L5Y8R5cJalo229qw43qj5DWMPuHzeE+/U9YvmrhvjeFGab1jxFs8z95Cb4biTrQi/wvAzg/xsqHPu6mp6Oo2pWxvrvJFjjeE4ETlejR4vwhsZc0ajE48LetPAxub0eDf4CErlDcBBSjy14hjBvAvhXShn4Fb6WQpPqmhycMNL3x6P4FHeCNwCnLznzwW524/IReUOVo13L58pyPvEk5gaeegVm+rufyZ54XbbeVUlmYy2Ns6craqnGHijoMeQ63U5c4wzNgP3o/o78P4r0zn3V9U0WtUkNAAlMCt566RNjTveHlHvTEXfCZxEOVWQwnaM3oNIX2bjiz8Zjxt/L1Ql0bvyJDF6nBFj0MgDg51zH7WddtCRXBVrmzLY6HuRRg9z2GhUhqPR7NBEaORRKUIDUAEaU7c2RnXH2wU5TkVng7weeC1jxxGeQ1iN4WHQX8emyL3VqvEPCSlGaACqTMOyZU3eaGSq5xtfRmObJnx78JCQkJCQkJCQkJCQkJCQkJCQkJCQkJCQkJCQkJCQkJCQkAOS/wUBqbn/jd//RwAAAABJRU5ErkJggg==
